// Jest Snapshot v1, https://goo.gl/fbAQLP

exports[`LogsListComponent on mount should match snapshot 1`] = `
<div>
  <div
    class="mt-2 row"
  >
    <div
      class="col-md-7 col-12 order-md-1 order-2"
    >
      <div
        class="react-bootstrap-table"
      >
        <table
          class="table table-striped table-hover table-bordered logsTable"
        >
          <thead>
            <tr>
              <th
                tabindex="0"
              >
                #
              </th>
              <th
                tabindex="0"
              >
                DateTime
              </th>
              <th
                tabindex="0"
              >
                Severity
              </th>
              <th
                tabindex="0"
              >
                Message
              </th>
            </tr>
          </thead>
          <tbody>
            <tr
              style="background-color: rgb(52, 58, 64); color: rgb(204, 204, 204);"
            >
              <td>
                1595610796967
              </td>
              <td />
              <td>
                INFO
              </td>
              <td>
                Some INFO message
              </td>
            </tr>
            <tr
              style="background-color: rgb(33, 37, 41); color: rgb(204, 204, 204);"
            >
              <td>
                1595610806034
              </td>
              <td />
              <td>
                WARNING
              </td>
              <td>
                Some WARNING message
              </td>
            </tr>
            <tr
              style="background-color: rgb(52, 58, 64); color: rgb(204, 204, 204);"
            >
              <td>
                1595610815087
              </td>
              <td />
              <td>
                INFO
              </td>
              <td>
                Some INFO message
              </td>
            </tr>
            <tr
              style="background-color: rgb(33, 37, 41); color: rgb(204, 204, 204);"
            >
              <td>
                1595610824112
              </td>
              <td />
              <td>
                INFO
              </td>
              <td>
                Some INFO message
              </td>
            </tr>
            <tr
              style="background-color: rgb(52, 58, 64); color: rgb(204, 204, 204);"
            >
              <td>
                1595610833176
              </td>
              <td />
              <td>
                WARNING
              </td>
              <td>
                Some WARNING message
              </td>
            </tr>
          </tbody>
        </table>
      </div>
      <div
        class="row react-bootstrap-table-pagination"
      >
        <div
          class="col-md-6 col-xs-6 col-sm-6 col-lg-6"
        />
        <div
          class="react-bootstrap-table-pagination-list col-md-6 col-xs-6 col-sm-6 col-lg-6"
        >
          <ul
            class="pagination react-bootstrap-table-page-btns-ul"
          >
            <li
              class="active page-item"
              title="1"
            >
              <a
                class="page-link"
                href="#"
              >
                1
              </a>
            </li>
            <li
              class="page-item"
              title="2"
            >
              <a
                class="page-link"
                href="#"
              >
                2
              </a>
            </li>
            <li
              class="page-item"
              title="3"
            >
              <a
                class="page-link"
                href="#"
              >
                3
              </a>
            </li>
            <li
              class="page-item"
              title="next page"
            >
              <a
                class="page-link"
                href="#"
              >
                &gt;
              </a>
            </li>
          </ul>
        </div>
      </div>
    </div>
    <div
      class="col-md-5 col-12 order-md-2 order-1"
    >
      <aside
        data-testid="logStatistic"
      >
        <div>
          Loading Chart
        </div>
      </aside>
    </div>
  </div>
</div>
`;
