// Jest Snapshot v1, https://goo.gl/fbAQLP

exports[`App Should match snapshot 1`] = `
Object {
  "asFragment": [Function],
  "baseElement": <body>
    <div>
      <div
        class="App"
      >
        <div
          class="container-lg"
        >
          <header
            class="mainTitle"
          >
            <h2>
              Asset control logs File
            </h2>
          </header>
          <div
            class="mt-2 row"
          >
            <div
              class="col-md-7 col-12 order-md-1 order-2"
            >
              <div
                class="react-bootstrap-table"
              >
                <table
                  class="table table-striped table-hover table-bordered logsTable"
                >
                  <thead>
                    <tr>
                      <th
                        tabindex="0"
                      >
                        #
                      </th>
                      <th
                        tabindex="0"
                      >
                        DateTime
                      </th>
                      <th
                        tabindex="0"
                      >
                        Severity
                      </th>
                      <th
                        tabindex="0"
                      >
                        Message
                      </th>
                    </tr>
                  </thead>
                  <tbody>
                    <tr
                      style="background-color: rgb(52, 58, 64); color: rgb(204, 204, 204);"
                    >
                      <td>
                        1595610796967
                      </td>
                      <td />
                      <td>
                        INFO
                      </td>
                      <td>
                        Some INFO message
                      </td>
                    </tr>
                    <tr
                      style="background-color: rgb(33, 37, 41); color: rgb(204, 204, 204);"
                    >
                      <td>
                        1595610806034
                      </td>
                      <td />
                      <td>
                        WARNING
                      </td>
                      <td>
                        Some WARNING message
                      </td>
                    </tr>
                    <tr
                      style="background-color: rgb(52, 58, 64); color: rgb(204, 204, 204);"
                    >
                      <td>
                        1595610815087
                      </td>
                      <td />
                      <td>
                        INFO
                      </td>
                      <td>
                        Some INFO message
                      </td>
                    </tr>
                    <tr
                      style="background-color: rgb(33, 37, 41); color: rgb(204, 204, 204);"
                    >
                      <td>
                        1595610824112
                      </td>
                      <td />
                      <td>
                        INFO
                      </td>
                      <td>
                        Some INFO message
                      </td>
                    </tr>
                    <tr
                      style="background-color: rgb(52, 58, 64); color: rgb(204, 204, 204);"
                    >
                      <td>
                        1595610833176
                      </td>
                      <td />
                      <td>
                        WARNING
                      </td>
                      <td>
                        Some WARNING message
                      </td>
                    </tr>
                  </tbody>
                </table>
              </div>
              <div
                class="row react-bootstrap-table-pagination"
              >
                <div
                  class="col-md-6 col-xs-6 col-sm-6 col-lg-6"
                />
                <div
                  class="react-bootstrap-table-pagination-list col-md-6 col-xs-6 col-sm-6 col-lg-6"
                >
                  <ul
                    class="pagination react-bootstrap-table-page-btns-ul"
                  >
                    <li
                      class="active page-item"
                      title="1"
                    >
                      <a
                        class="page-link"
                        href="#"
                      >
                        1
                      </a>
                    </li>
                    <li
                      class="page-item"
                      title="2"
                    >
                      <a
                        class="page-link"
                        href="#"
                      >
                        2
                      </a>
                    </li>
                    <li
                      class="page-item"
                      title="3"
                    >
                      <a
                        class="page-link"
                        href="#"
                      >
                        3
                      </a>
                    </li>
                    <li
                      class="page-item"
                      title="next page"
                    >
                      <a
                        class="page-link"
                        href="#"
                      >
                        &gt;
                      </a>
                    </li>
                  </ul>
                </div>
              </div>
            </div>
            <div
              class="col-md-5 col-12 order-md-2 order-1"
            >
              <aside
                data-testid="logStatistic"
              >
                <div>
                  Loading Chart
                </div>
              </aside>
            </div>
          </div>
        </div>
      </div>
    </div>
    <script
      src="https://www.gstatic.com/charts/loader.js"
    />
  </body>,
  "container": <div>
    <div
      class="App"
    >
      <div
        class="container-lg"
      >
        <header
          class="mainTitle"
        >
          <h2>
            Asset control logs File
          </h2>
        </header>
        <div
          class="mt-2 row"
        >
          <div
            class="col-md-7 col-12 order-md-1 order-2"
          >
            <div
              class="react-bootstrap-table"
            >
              <table
                class="table table-striped table-hover table-bordered logsTable"
              >
                <thead>
                  <tr>
                    <th
                      tabindex="0"
                    >
                      #
                    </th>
                    <th
                      tabindex="0"
                    >
                      DateTime
                    </th>
                    <th
                      tabindex="0"
                    >
                      Severity
                    </th>
                    <th
                      tabindex="0"
                    >
                      Message
                    </th>
                  </tr>
                </thead>
                <tbody>
                  <tr
                    style="background-color: rgb(52, 58, 64); color: rgb(204, 204, 204);"
                  >
                    <td>
                      1595610796967
                    </td>
                    <td />
                    <td>
                      INFO
                    </td>
                    <td>
                      Some INFO message
                    </td>
                  </tr>
                  <tr
                    style="background-color: rgb(33, 37, 41); color: rgb(204, 204, 204);"
                  >
                    <td>
                      1595610806034
                    </td>
                    <td />
                    <td>
                      WARNING
                    </td>
                    <td>
                      Some WARNING message
                    </td>
                  </tr>
                  <tr
                    style="background-color: rgb(52, 58, 64); color: rgb(204, 204, 204);"
                  >
                    <td>
                      1595610815087
                    </td>
                    <td />
                    <td>
                      INFO
                    </td>
                    <td>
                      Some INFO message
                    </td>
                  </tr>
                  <tr
                    style="background-color: rgb(33, 37, 41); color: rgb(204, 204, 204);"
                  >
                    <td>
                      1595610824112
                    </td>
                    <td />
                    <td>
                      INFO
                    </td>
                    <td>
                      Some INFO message
                    </td>
                  </tr>
                  <tr
                    style="background-color: rgb(52, 58, 64); color: rgb(204, 204, 204);"
                  >
                    <td>
                      1595610833176
                    </td>
                    <td />
                    <td>
                      WARNING
                    </td>
                    <td>
                      Some WARNING message
                    </td>
                  </tr>
                </tbody>
              </table>
            </div>
            <div
              class="row react-bootstrap-table-pagination"
            >
              <div
                class="col-md-6 col-xs-6 col-sm-6 col-lg-6"
              />
              <div
                class="react-bootstrap-table-pagination-list col-md-6 col-xs-6 col-sm-6 col-lg-6"
              >
                <ul
                  class="pagination react-bootstrap-table-page-btns-ul"
                >
                  <li
                    class="active page-item"
                    title="1"
                  >
                    <a
                      class="page-link"
                      href="#"
                    >
                      1
                    </a>
                  </li>
                  <li
                    class="page-item"
                    title="2"
                  >
                    <a
                      class="page-link"
                      href="#"
                    >
                      2
                    </a>
                  </li>
                  <li
                    class="page-item"
                    title="3"
                  >
                    <a
                      class="page-link"
                      href="#"
                    >
                      3
                    </a>
                  </li>
                  <li
                    class="page-item"
                    title="next page"
                  >
                    <a
                      class="page-link"
                      href="#"
                    >
                      &gt;
                    </a>
                  </li>
                </ul>
              </div>
            </div>
          </div>
          <div
            class="col-md-5 col-12 order-md-2 order-1"
          >
            <aside
              data-testid="logStatistic"
            >
              <div>
                Loading Chart
              </div>
            </aside>
          </div>
        </div>
      </div>
    </div>
  </div>,
  "debug": [Function],
  "findAllByAltText": [Function],
  "findAllByDisplayValue": [Function],
  "findAllByLabelText": [Function],
  "findAllByPlaceholderText": [Function],
  "findAllByRole": [Function],
  "findAllByTestId": [Function],
  "findAllByText": [Function],
  "findAllByTitle": [Function],
  "findByAltText": [Function],
  "findByDisplayValue": [Function],
  "findByLabelText": [Function],
  "findByPlaceholderText": [Function],
  "findByRole": [Function],
  "findByTestId": [Function],
  "findByText": [Function],
  "findByTitle": [Function],
  "getAllByAltText": [Function],
  "getAllByDisplayValue": [Function],
  "getAllByLabelText": [Function],
  "getAllByPlaceholderText": [Function],
  "getAllByRole": [Function],
  "getAllByTestId": [Function],
  "getAllByText": [Function],
  "getAllByTitle": [Function],
  "getByAltText": [Function],
  "getByDisplayValue": [Function],
  "getByLabelText": [Function],
  "getByPlaceholderText": [Function],
  "getByRole": [Function],
  "getByTestId": [Function],
  "getByText": [Function],
  "getByTitle": [Function],
  "queryAllByAltText": [Function],
  "queryAllByDisplayValue": [Function],
  "queryAllByLabelText": [Function],
  "queryAllByPlaceholderText": [Function],
  "queryAllByRole": [Function],
  "queryAllByTestId": [Function],
  "queryAllByText": [Function],
  "queryAllByTitle": [Function],
  "queryByAltText": [Function],
  "queryByDisplayValue": [Function],
  "queryByLabelText": [Function],
  "queryByPlaceholderText": [Function],
  "queryByRole": [Function],
  "queryByTestId": [Function],
  "queryByText": [Function],
  "queryByTitle": [Function],
  "rerender": [Function],
  "unmount": [Function],
}
`;
